[debug] [2026-05-06T15:27:23.855Z] ----------------------------------------------------------------------
[debug] [2026-05-06T15:27:23.859Z] Command:       /Users/macpro2015mostafa/.local/nodejs/node-v20.19.0-darwin-x64/bin/node /Users/macpro2015mostafa/.local/nodejs/node-v20.19.0-darwin-x64/bin/firebase hosting:disable --project project-management-98bdc -f
[debug] [2026-05-06T15:27:23.859Z] CLI Version:   15.16.0
[debug] [2026-05-06T15:27:23.859Z] Platform:      darwin
[debug] [2026-05-06T15:27:23.859Z] Node Version:  v20.19.0
[debug] [2026-05-06T15:27:23.860Z] Time:          Wed May 06 2026 16:27:23 GMT+0100 (GMT+01:00)
[debug] [2026-05-06T15:27:23.860Z] ----------------------------------------------------------------------
[debug] 
[debug] [2026-05-06T15:27:23.880Z] > command requires scopes: ["email","openid","https://www.googleapis.com/auth/cloudplatformprojects.readonly","https://www.googleapis.com/auth/firebase","https://www.googleapis.com/auth/cloud-platform"]
[debug] [2026-05-06T15:27:23.884Z] > authorizing via signed-in user (amalstore2004@gmail.com)
[debug] [2026-05-06T15:27:23.884Z] [iam] checking project project-management-98bdc for permissions ["firebase.projects.get","firebasehosting.sites.update"]
[debug] [2026-05-06T15:27:23.887Z] Checked if tokens are valid: true, expires at: 1778084699740
[debug] [2026-05-06T15:27:23.887Z] Checked if tokens are valid: true, expires at: 1778084699740
[debug] [2026-05-06T15:27:23.889Z] >>> [apiv2][query] POST https://cloudresourcemanager.googleapis.com/v1/projects/project-management-98bdc:testIamPermissions [none]
[debug] [2026-05-06T15:27:23.889Z] >>> [apiv2][(partial)header] POST https://cloudresourcemanager.googleapis.com/v1/projects/project-management-98bdc:testIamPermissions  x-goog-user-project=project-management-98bdc
[debug] [2026-05-06T15:27:23.889Z] >>> [apiv2][body] POST https://cloudresourcemanager.googleapis.com/v1/projects/project-management-98bdc:testIamPermissions {"permissions":["firebase.projects.get","firebasehosting.sites.update"]}
[debug] [2026-05-06T15:27:25.357Z] <<< [apiv2][status] POST https://cloudresourcemanager.googleapis.com/v1/projects/project-management-98bdc:testIamPermissions 403
[debug] [2026-05-06T15:27:25.358Z] <<< [apiv2][body] POST https://cloudresourcemanager.googleapis.com/v1/projects/project-management-98bdc:testIamPermissions {"error":{"code":403,"message":"Caller does not have required permission to use project project-management-98bdc. Grant the caller the roles/serviceusage.serviceUsageConsumer role, or a custom role with the serviceusage.services.use permission, by visiting https://console.developers.google.com/iam-admin/iam?project=project-management-98bdc and then retry. Propagation of the new permission may take a few minutes.","status":"PERMISSION_DENIED","details":[{"@type":"type.googleapis.com/google.rpc.ErrorInfo","reason":"USER_PROJECT_DENIED","domain":"googleapis.com","metadata":{"consumer":"projects/project-management-98bdc","consoleUrl":"https://console.developers.google.com/iam-admin/iam?project=project-management-98bdc","containerInfo":"project-management-98bdc","service":"cloudresourcemanager.googleapis.com"}},{"@type":"type.googleapis.com/google.rpc.LocalizedMessage","locale":"en-US","message":"Caller does not have required permission to use project project-management-98bdc. Grant the caller the roles/serviceusage.serviceUsageConsumer role, or a custom role with the serviceusage.services.use permission, by visiting https://console.developers.google.com/iam-admin/iam?project=project-management-98bdc and then retry. Propagation of the new permission may take a few minutes."},{"@type":"type.googleapis.com/google.rpc.Help","links":[{"description":"Google developer console IAM admin","url":"https://console.developers.google.com/iam-admin/iam?project=project-management-98bdc"}]}]}}
[debug] [2026-05-06T15:27:25.359Z] [iam] error while checking permissions, command may fail: Request to https://cloudresourcemanager.googleapis.com/v1/projects/project-management-98bdc:testIamPermissions had HTTP Error: 403, Caller does not have required permission to use project project-management-98bdc. Grant the caller the roles/serviceusage.serviceUsageConsumer role, or a custom role with the serviceusage.services.use permission, by visiting https://console.developers.google.com/iam-admin/iam?project=project-management-98bdc and then retry. Propagation of the new permission may take a few minutes.
[debug] [2026-05-06T15:27:25.359Z] Checked if tokens are valid: true, expires at: 1778084699740
[debug] [2026-05-06T15:27:25.359Z] Checked if tokens are valid: true, expires at: 1778084699740
[debug] [2026-05-06T15:27:25.360Z] >>> [apiv2][query] GET https://firebase.googleapis.com/v1beta1/projects/project-management-98bdc [none]
[debug] [2026-05-06T15:27:25.877Z] <<< [apiv2][status] GET https://firebase.googleapis.com/v1beta1/projects/project-management-98bdc 403
[debug] [2026-05-06T15:27:25.880Z] <<< [apiv2][body] GET https://firebase.googleapis.com/v1beta1/projects/project-management-98bdc {"error":{"code":403,"message":"The caller does not have permission","status":"PERMISSION_DENIED"}}
[debug] [2026-05-06T15:27:25.881Z] Request to https://firebase.googleapis.com/v1beta1/projects/project-management-98bdc had HTTP Error: 403, The caller does not have permission
[debug] [2026-05-06T15:27:26.064Z] FirebaseError: Request to https://firebase.googleapis.com/v1beta1/projects/project-management-98bdc had HTTP Error: 403, The caller does not have permission
    at responseToError (/Users/macpro2015mostafa/.local/nodejs/node-v20.19.0-darwin-x64/lib/node_modules/firebase-tools/lib/responseToError.js:53:12)
    at RetryOperation._fn (/Users/macpro2015mostafa/.local/nodejs/node-v20.19.0-darwin-x64/lib/node_modules/firebase-tools/lib/apiv2.js:333:77)
    at process.processTicksAndRejections (node:internal/process/task_queues:95:5)
[error] 
[error] Error: Failed to get Firebase project project-management-98bdc. Please make sure the project exists and your account has permission to access it.
